QuestaSim vlog 10.6c Compiler 2017.07 Jul 25 2017
Start time: 00:06:17 on Jul 04,2026
vlog -sv "+acc" "+cover" "+fcover" -l dmaCompile.log -f ../dmaCompile.f 
-- Compiling package apb_global_pkg
-- Compiling package axi4_globals_pkg
-- Compiling package dmaGlobalPkg
-- Importing package axi4_globals_pkg
-- Compiling package triggerGlobalPkg
-- Compiling package interruptGlobalPkg
-- Compiling package apb_master_pkg
** Note: (vlog-2286) ../../src/hvlTop/configUnitEnv/apbMaster/apbMasterPkg.sv(13): Using implicit +incdir+/tools/mentor/questasim_10.6c/questasim/uvm-1.1d/../verilog_src/uvm-1.1d/src from import uvm_pkg
-- Importing package mtiUvm.uvm_pkg (uvm-1.1d Built-in)
-- Importing package apb_global_pkg
-- Compiling package triggerMasterPkg
-- Importing package triggerGlobalPkg
-- Compiling package triggerSlavePkg
-- Compiling package triggerMasterSequencePkg
-- Importing package triggerMasterPkg
** Warning: ../../src/hvlTop/dmaTest/sequences/triggerMasterSequences/triggerMasterSequence.sv(19): (vlog-2239) Treating stand-alone use of presumed external function as an implicit VOID cast.
-- Compiling package interruptSlavePkg
-- Importing package interruptGlobalPkg
-- Compiling package configUnitEnvPkg
-- Importing package apb_master_pkg
-- Importing package interruptSlavePkg
-- Compiling package configUnitVirtualSeqPkg
-- Importing package configUnitEnvPkg
-- Compiling package axi4_master_pkg
-- Compiling package axi4_slave_pkg
-- Compiling package peripheralEnvPkg
-- Importing package triggerSlavePkg
-- Importing package axi4_master_pkg
-- Importing package axi4_slave_pkg
-- Compiling package axi4_slave_seq_pkg
-- Compiling package peripheralVirtualSeqPkg
-- Importing package axi4_slave_seq_pkg
-- Importing package peripheralEnvPkg
-- Importing package triggerMasterSequencePkg
-- Compiling package topEnvPkg
-- Importing package dmaGlobalPkg
-- Compiling package topVirtualSeqPkg
-- Importing package peripheralVirtualSeqPkg
-- Importing package configUnitVirtualSeqPkg
-- Importing package topEnvPkg
-- Compiling package dmaTestPkg
-- Importing package topVirtualSeqPkg
** Warning: ../../src/hvlTop/dmaTest/dmaBaseTest.sv(59): (vlog-2240) Treating stand-alone use of function 'randomize' as an implicit VOID cast.
** Warning: ../../src/hvlTop/dmaTest/dma1dBlockTransferWithContinueSrcAndDesXsizeEqAndSwTiAndSiTo.sv(30): (vlog-2240) Treating stand-alone use of function 'randomize' as an implicit VOID cast.
** Warning: ../../src/hvlTop/dmaTest/dma1dBlockTransferWithContinueSrcAndDesXsizeEqAndSwTiAndSiTo.sv(194): (vlog-2875) Task "dump_config_to_file" is being called in function "build_phase".
** Warning: ../../src/hvlTop/dmaTest/dma1dSingleTransferWithSrcAndDesXsizeEq0AndHwTiAndHiTo.sv(32): (vlog-2240) Treating stand-alone use of function 'randomize' as an implicit VOID cast.
** Warning: ../../src/hvlTop/dmaTest/dma1dSingleTransferWithSrcAndDesXsizeEq0AndHwTiAndHiTo.sv(129): (vlog-2875) Task "dump_config_to_file" is being called in function "build_phase".
** Warning: ../../src/hvlTop/dmaTest/dma1dSingleTransferWithSrcXsizeEq0AndDesXsizeGreaterThan0AndHwTiAndHiTo.sv(32): (vlog-2240) Treating stand-alone use of function 'randomize' as an implicit VOID cast.
** Warning: ../../src/hvlTop/dmaTest/dma1dSingleTransferWithSrcXsizeEq0AndDesXsizeGreaterThan0AndHwTiAndHiTo.sv(130): (vlog-2875) Task "dump_config_to_file" is being called in function "build_phase".
** Warning: ../../src/hvlTop/dmaTest/dma1dSingleTransferWithContinueSrcXsizeGreaterThan0AndDesXsizeEq0AndHwTiAndHiTo.sv(27): (vlog-2240) Treating stand-alone use of function 'randomize' as an implicit VOID cast.
** Warning: ../../src/hvlTop/dmaTest/dma1dSingleTransferWithContinueSrcXsizeGreaterThan0AndDesXsizeEq0AndHwTiAndHiTo.sv(106): (vlog-2875) Task "dump_config_to_file" is being called in function "build_phase".
** Warning: ../../src/hvlTop/dmaTest/dma1dSingleTransferWithFillSrcXsizeGreaterThan0AndDesXsizeEq0AndHwTiAndHiTo.sv(32): (vlog-2240) Treating stand-alone use of function 'randomize' as an implicit VOID cast.
** Warning: ../../src/hvlTop/dmaTest/dma1dSingleTransferWithFillSrcXsizeGreaterThan0AndDesXsizeEq0AndHwTiAndHiTo.sv(129): (vlog-2875) Task "dump_config_to_file" is being called in function "build_phase".
** Warning: ../../src/hvlTop/dmaTest/dma1dSingleTransferWithWrapSrcXsizeGreaterThan0AndDesXsizeEq0AndHwTiAndHiTo.sv(32): (vlog-2240) Treating stand-alone use of function 'randomize' as an implicit VOID cast.
** Warning: ../../src/hvlTop/dmaTest/dma1dSingleTransferWithWrapSrcXsizeGreaterThan0AndDesXsizeEq0AndHwTiAndHiTo.sv(111): (vlog-2875) Task "dump_config_to_file" is being called in function "build_phase".
** Warning: ../../src/hvlTop/dmaTest/dma1dSingleTransferWithContinueSrcAndDesXsizeEqAndHwTiAndHiTo.sv(25): (vlog-2240) Treating stand-alone use of function 'randomize' as an implicit VOID cast.
** Warning: ../../src/hvlTop/dmaTest/dma1dSingleTransferWithContinueSrcAndDesXsizeEqAndHwTiAndHiTo.sv(106): (vlog-2875) Task "dump_config_to_file" is being called in function "build_phase".
** Warning: ../../src/hvlTop/dmaTest/dma1dSingleTransferWithFillSrcAndDesXsizeEqAndHwTiAndHiTo.sv(27): (vlog-2240) Treating stand-alone use of function 'randomize' as an implicit VOID cast.
** Warning: ../../src/hvlTop/dmaTest/dma1dSingleTransferWithFillSrcAndDesXsizeEqAndHwTiAndHiTo.sv(106): (vlog-2875) Task "dump_config_to_file" is being called in function "build_phase".
** Warning: ../../src/hvlTop/dmaTest/dma1dSingleTransferWithWrapSrcAndDesXsizeEqAndHwTiAndHiTo.sv(32): (vlog-2240) Treating stand-alone use of function 'randomize' as an implicit VOID cast.
** Warning: ../../src/hvlTop/dmaTest/dma1dSingleTransferWithWrapSrcAndDesXsizeEqAndHwTiAndHiTo.sv(129): (vlog-2875) Task "dump_config_to_file" is being called in function "build_phase".
** Warning: ../../src/hvlTop/dmaTest/dma1dSingleTransferWithWrapSrcGreaterThanDesXsizeAndHwTiAndHiTo.sv(32): (vlog-2240) Treating stand-alone use of function 'randomize' as an implicit VOID cast.
** Warning: ../../src/hvlTop/dmaTest/dma1dSingleTransferWithWrapSrcGreaterThanDesXsizeAndHwTiAndHiTo.sv(129): (vlog-2875) Task "dump_config_to_file" is being called in function "build_phase".
** Warning: ../../src/hvlTop/dmaTest/dma1dSingleTransferWithFillSrcGreaterThanDesXsizeAndHwTiAndHiTo.sv(30): (vlog-2240) Treating stand-alone use of function 'randomize' as an implicit VOID cast.
** Warning: ../../src/hvlTop/dmaTest/dma1dSingleTransferWithFillSrcGreaterThanDesXsizeAndHwTiAndHiTo.sv(109): (vlog-2875) Task "dump_config_to_file" is being called in function "build_phase".
** Warning: ../../src/hvlTop/dmaTest/dma1dSingleTransferWithContinueSrcGreaterThanDesXsizeAndHwTiAndHiTo.sv(26): (vlog-2240) Treating stand-alone use of function 'randomize' as an implicit VOID cast.
** Warning: ../../src/hvlTop/dmaTest/dma1dSingleTransferWithContinueSrcGreaterThanDesXsizeAndHwTiAndHiTo.sv(105): (vlog-2875) Task "dump_config_to_file" is being called in function "build_phase".
** Warning: ../../src/hvlTop/dmaTest/dma1dSingleTransferWithWrapSrcSmallerThanDesXsizeAndHwTiAndHiTo.sv(35): (vlog-2240) Treating stand-alone use of function 'randomize' as an implicit VOID cast.
** Warning: ../../src/hvlTop/dmaTest/dma1dSingleTransferWithWrapSrcSmallerThanDesXsizeAndHwTiAndHiTo.sv(90): (vlog-2875) Task "dump_config_to_file" is being called in function "build_phase".
** Warning: ../../src/hvlTop/dmaTest/dma1dSingleTransferWithFillSrcSmallerThanDesXsizeAndHwTiAndHiTo.sv(30): (vlog-2240) Treating stand-alone use of function 'randomize' as an implicit VOID cast.
** Warning: ../../src/hvlTop/dmaTest/dma1dSingleTransferWithFillSrcSmallerThanDesXsizeAndHwTiAndHiTo.sv(110): (vlog-2875) Task "dump_config_to_file" is being called in function "build_phase".
** Warning: ../../src/hvlTop/dmaTest/dma1dSingleTransferWithContinueSrcSmallerThanDesXsizeAndHwTiAndHiTo.sv(27): (vlog-2240) Treating stand-alone use of function 'randomize' as an implicit VOID cast.
** Warning: ../../src/hvlTop/dmaTest/dma1dSingleTransferWithContinueSrcSmallerThanDesXsizeAndHwTiAndHiTo.sv(106): (vlog-2875) Task "dump_config_to_file" is being called in function "build_phase".
** Warning: ../../src/hvlTop/dmaTest/dma1dBlockTransferWithSrcAndDesXsizeEq0AndHwTiAndHiTo.sv(26): (vlog-2240) Treating stand-alone use of function 'randomize' as an implicit VOID cast.
** Warning: ../../src/hvlTop/dmaTest/dma1dBlockTransferWithSrcAndDesXsizeEq0AndHwTiAndHiTo.sv(105): (vlog-2875) Task "dump_config_to_file" is being called in function "build_phase".
** Warning: ../../src/hvlTop/dmaTest/dma1dBlockTransferWithSrcXsizeEq0AndDesXsizeGreaterThan0AndHwTiAndHiTo.sv(26): (vlog-2240) Treating stand-alone use of function 'randomize' as an implicit VOID cast.
** Warning: ../../src/hvlTop/dmaTest/dma1dBlockTransferWithSrcXsizeEq0AndDesXsizeGreaterThan0AndHwTiAndHiTo.sv(105): (vlog-2875) Task "dump_config_to_file" is being called in function "build_phase".
** Warning: ../../src/hvlTop/dmaTest/dma1dBlockTransferWithContinueSrcXsizeGreaterThan0AndDesXsizeEq0AndHwTiAndHiTo.sv(27): (vlog-2240) Treating stand-alone use of function 'randomize' as an implicit VOID cast.
** Warning: ../../src/hvlTop/dmaTest/dma1dBlockTransferWithContinueSrcXsizeGreaterThan0AndDesXsizeEq0AndHwTiAndHiTo.sv(105): (vlog-2875) Task "dump_config_to_file" is being called in function "build_phase".
** Warning: ../../src/hvlTop/dmaTest/dma1dBlockTransferWithFillSrcXsizeGreaterThan0AndDesXsizeEq0AndHwTiAndHiTo.sv(26): (vlog-2240) Treating stand-alone use of function 'randomize' as an implicit VOID cast.
** Warning: ../../src/hvlTop/dmaTest/dma1dBlockTransferWithFillSrcXsizeGreaterThan0AndDesXsizeEq0AndHwTiAndHiTo.sv(104): (vlog-2875) Task "dump_config_to_file" is being called in function "build_phase".
** Warning: ../../src/hvlTop/dmaTest/dma1dBlockTransferWithWrapSrcXsizeGreaterThan0AndDesXsizeEq0AndHwTiAndHiTo.sv(27): (vlog-2240) Treating stand-alone use of function 'randomize' as an implicit VOID cast.
** Warning: ../../src/hvlTop/dmaTest/dma1dBlockTransferWithWrapSrcXsizeGreaterThan0AndDesXsizeEq0AndHwTiAndHiTo.sv(106): (vlog-2875) Task "dump_config_to_file" is being called in function "build_phase".
** Warning: ../../src/hvlTop/dmaTest/dma1dBlockTransferWithContinueSrcAndDesXsizeEqAndHwTiAndHiTo.sv(31): (vlog-2240) Treating stand-alone use of function 'randomize' as an implicit VOID cast.
** Warning: ../../src/hvlTop/dmaTest/dma1dBlockTransferWithContinueSrcAndDesXsizeEqAndHwTiAndHiTo.sv(302): (vlog-2875) Task "dump_config_to_file" is being called in function "build_phase".
** Warning: ../../src/hvlTop/dmaTest/dma1dBlockTransferWithFillSrcAndDesXsizeEqAndHwTiAndHiTo.sv(29): (vlog-2240) Treating stand-alone use of function 'randomize' as an implicit VOID cast.
** Warning: ../../src/hvlTop/dmaTest/dma1dBlockTransferWithFillSrcAndDesXsizeEqAndHwTiAndHiTo.sv(109): (vlog-2875) Task "dump_config_to_file" is being called in function "build_phase".
** Warning: ../../src/hvlTop/dmaTest/dma1dBlockTransferWithWrapSrcAndDesXsizeEqAndHwTiAndHiTo.sv(26): (vlog-2240) Treating stand-alone use of function 'randomize' as an implicit VOID cast.
** Warning: ../../src/hvlTop/dmaTest/dma1dBlockTransferWithWrapSrcAndDesXsizeEqAndHwTiAndHiTo.sv(106): (vlog-2875) Task "dump_config_to_file" is being called in function "build_phase".
** Warning: ../../src/hvlTop/dmaTest/dma1dBlockTransferWithWrapSrcGreaterThanDesXsizeAndHwTiAndHiTo.sv(26): (vlog-2240) Treating stand-alone use of function 'randomize' as an implicit VOID cast.
** Warning: ../../src/hvlTop/dmaTest/dma1dBlockTransferWithWrapSrcGreaterThanDesXsizeAndHwTiAndHiTo.sv(106): (vlog-2875) Task "dump_config_to_file" is being called in function "build_phase".
** Warning: ../../src/hvlTop/dmaTest/dma1dBlockTransferWithFillSrcGreaterThanDesXsizeAndHwTiAndHiTo.sv(26): (vlog-2240) Treating stand-alone use of function 'randomize' as an implicit VOID cast.
** Warning: ../../src/hvlTop/dmaTest/dma1dBlockTransferWithFillSrcGreaterThanDesXsizeAndHwTiAndHiTo.sv(106): (vlog-2875) Task "dump_config_to_file" is being called in function "build_phase".
** Warning: ../../src/hvlTop/dmaTest/dma1dBlockTransferWithContinueSrcGreaterThanDesXsizeAndHwTiAndHiTo.sv(29): (vlog-2240) Treating stand-alone use of function 'randomize' as an implicit VOID cast.
** Warning: ../../src/hvlTop/dmaTest/dma1dBlockTransferWithContinueSrcGreaterThanDesXsizeAndHwTiAndHiTo.sv(191): (vlog-2875) Task "dump_config_to_file" is being called in function "build_phase".
** Warning: ../../src/hvlTop/dmaTest/dma1dBlockTransferWithWrapSrcSmallerThanDesXsizeAndHwTiAndHiTo.sv(27): (vlog-2240) Treating stand-alone use of function 'randomize' as an implicit VOID cast.
** Warning: ../../src/hvlTop/dmaTest/dma1dBlockTransferWithWrapSrcSmallerThanDesXsizeAndHwTiAndHiTo.sv(106): (vlog-2875) Task "dump_config_to_file" is being called in function "build_phase".
** Warning: ../../src/hvlTop/dmaTest/dma1dBlockTransferWithFillSrcSmallerThanDesXsizeAndHwTiAndHiTo.sv(26): (vlog-2240) Treating stand-alone use of function 'randomize' as an implicit VOID cast.
** Warning: ../../src/hvlTop/dmaTest/dma1dBlockTransferWithFillSrcSmallerThanDesXsizeAndHwTiAndHiTo.sv(106): (vlog-2875) Task "dump_config_to_file" is being called in function "build_phase".
** Warning: ../../src/hvlTop/dmaTest/dma1dBlockTransferWithContinueSrcSmallerThanDesXsizeAndHwTiAndHiTo.sv(27): (vlog-2240) Treating stand-alone use of function 'randomize' as an implicit VOID cast.
** Warning: ../../src/hvlTop/dmaTest/dma1dBlockTransferWithContinueSrcSmallerThanDesXsizeAndHwTiAndHiTo.sv(107): (vlog-2875) Task "dump_config_to_file" is being called in function "build_phase".
** Warning: ../../src/hvlTop/dmaTest/2d/dma2dBlockTransferWithXContinueSrcGreaterDesXsizeYContinueSrcGreaterDesYsizeAndHwTiAndHiTo.sv(31): (vlog-2240) Treating stand-alone use of function 'randomize' as an implicit VOID cast.
** Warning: ../../src/hvlTop/dmaTest/2d/dma2dBlockTransferWithXContinueSrcGreaterDesXsizeYContinueSrcGreaterDesYsizeAndHwTiAndHiTo.sv(166): (vlog-2875) Task "dump_config_to_file" is being called in function "build_phase".
** Warning: ../../src/hvlTop/dmaTest/2d/dma2dBlockTransferWithXContinueSrcGreaterDesXsizeYContinueSrcSmallerDesYsizeAndHwTiAndHiTo.sv(31): (vlog-2240) Treating stand-alone use of function 'randomize' as an implicit VOID cast.
** Warning: ../../src/hvlTop/dmaTest/2d/dma2dBlockTransferWithXContinueSrcGreaterDesXsizeYContinueSrcSmallerDesYsizeAndHwTiAndHiTo.sv(166): (vlog-2875) Task "dump_config_to_file" is being called in function "build_phase".
** Warning: ../../src/hvlTop/dmaTest/2d/dma2dBlockTransferWithXContinueSrcGreaterDesXsizeYContinueSrcEqualDesYsizeAndHwTiAndHiTo.sv(31): (vlog-2240) Treating stand-alone use of function 'randomize' as an implicit VOID cast.
** Warning: ../../src/hvlTop/dmaTest/2d/dma2dBlockTransferWithXContinueSrcGreaterDesXsizeYContinueSrcEqualDesYsizeAndHwTiAndHiTo.sv(166): (vlog-2875) Task "dump_config_to_file" is being called in function "build_phase".
** Warning: ../../src/hvlTop/dmaTest/2d/dma2dBlockTransferWithXContinueSrcGreaterDesXsizeYWrapSrcGreaterDesYsizeAndHwTiAndHiTo.sv(31): (vlog-2240) Treating stand-alone use of function 'randomize' as an implicit VOID cast.
** Warning: ../../src/hvlTop/dmaTest/2d/dma2dBlockTransferWithXContinueSrcGreaterDesXsizeYWrapSrcGreaterDesYsizeAndHwTiAndHiTo.sv(166): (vlog-2875) Task "dump_config_to_file" is being called in function "build_phase".
** Warning: ../../src/hvlTop/dmaTest/2d/dma2dBlockTransferWithXContinueSrcGreaterDesXsizeYWrapSrcSmallerDesYsizeAndHwTiAndHiTo.sv(31): (vlog-2240) Treating stand-alone use of function 'randomize' as an implicit VOID cast.
** Warning: ../../src/hvlTop/dmaTest/2d/dma2dBlockTransferWithXContinueSrcGreaterDesXsizeYWrapSrcSmallerDesYsizeAndHwTiAndHiTo.sv(166): (vlog-2875) Task "dump_config_to_file" is being called in function "build_phase".
** Warning: ../../src/hvlTop/dmaTest/2d/dma2dBlockTransferWithXContinueSrcGreaterDesXsizeYWrapSrcEqualDesYsizeAndHwTiAndHiTo.sv(31): (vlog-2240) Treating stand-alone use of function 'randomize' as an implicit VOID cast.
** Warning: ../../src/hvlTop/dmaTest/2d/dma2dBlockTransferWithXContinueSrcGreaterDesXsizeYWrapSrcEqualDesYsizeAndHwTiAndHiTo.sv(166): (vlog-2875) Task "dump_config_to_file" is being called in function "build_phase".
** Warning: ../../src/hvlTop/dmaTest/2d/dma2dBlockTransferWithXContinueSrcGreaterDesXsizeYFillSrcGreaterDesYsizeAndHwTiAndHiTo.sv(31): (vlog-2240) Treating stand-alone use of function 'randomize' as an implicit VOID cast.
** Warning: ../../src/hvlTop/dmaTest/2d/dma2dBlockTransferWithXContinueSrcGreaterDesXsizeYFillSrcGreaterDesYsizeAndHwTiAndHiTo.sv(166): (vlog-2875) Task "dump_config_to_file" is being called in function "build_phase".
** Warning: ../../src/hvlTop/dmaTest/2d/dma2dBlockTransferWithXContinueSrcGreaterDesXsizeYFillSrcSmallerDesYsizeAndHwTiAndHiTo.sv(31): (vlog-2240) Treating stand-alone use of function 'randomize' as an implicit VOID cast.
** Warning: ../../src/hvlTop/dmaTest/2d/dma2dBlockTransferWithXContinueSrcGreaterDesXsizeYFillSrcSmallerDesYsizeAndHwTiAndHiTo.sv(166): (vlog-2875) Task "dump_config_to_file" is being called in function "build_phase".
** Warning: ../../src/hvlTop/dmaTest/2d/dma2dBlockTransferWithXContinueSrcGreaterDesXsizeYFillSrcEqualDesYsizeAndHwTiAndHiTo.sv(31): (vlog-2240) Treating stand-alone use of function 'randomize' as an implicit VOID cast.
** Warning: ../../src/hvlTop/dmaTest/2d/dma2dBlockTransferWithXContinueSrcGreaterDesXsizeYFillSrcEqualDesYsizeAndHwTiAndHiTo.sv(166): (vlog-2875) Task "dump_config_to_file" is being called in function "build_phase".
** Warning: ../../src/hvlTop/dmaTest/2d/dma2dBlockTransferWithXContinueSrcSmallerDesXsizeYContinueSrcGreaterDesYsizeAndHwTiAndHiTo.sv(31): (vlog-2240) Treating stand-alone use of function 'randomize' as an implicit VOID cast.
** Warning: ../../src/hvlTop/dmaTest/2d/dma2dBlockTransferWithXContinueSrcSmallerDesXsizeYContinueSrcGreaterDesYsizeAndHwTiAndHiTo.sv(166): (vlog-2875) Task "dump_config_to_file" is being called in function "build_phase".
** Warning: ../../src/hvlTop/dmaTest/2d/dma2dBlockTransferWithXContinueSrcSmallerDesXsizeYContinueSrcSmallerDesYsizeAndHwTiAndHiTo.sv(31): (vlog-2240) Treating stand-alone use of function 'randomize' as an implicit VOID cast.
** Warning: ../../src/hvlTop/dmaTest/2d/dma2dBlockTransferWithXContinueSrcSmallerDesXsizeYContinueSrcSmallerDesYsizeAndHwTiAndHiTo.sv(166): (vlog-2875) Task "dump_config_to_file" is being called in function "build_phase".
** Warning: ../../src/hvlTop/dmaTest/2d/dma2dBlockTransferWithXContinueSrcSmallerDesXsizeYContinueSrcEqualDesYsizeAndHwTiAndHiTo.sv(31): (vlog-2240) Treating stand-alone use of function 'randomize' as an implicit VOID cast.
** Warning: ../../src/hvlTop/dmaTest/2d/dma2dBlockTransferWithXContinueSrcSmallerDesXsizeYContinueSrcEqualDesYsizeAndHwTiAndHiTo.sv(166): (vlog-2875) Task "dump_config_to_file" is being called in function "build_phase".
** Warning: ../../src/hvlTop/dmaTest/2d/dma2dBlockTransferWithXContinueSrcSmallerDesXsizeYWrapSrcGreaterDesYsizeAndHwTiAndHiTo.sv(31): (vlog-2240) Treating stand-alone use of function 'randomize' as an implicit VOID cast.
** Warning: ../../src/hvlTop/dmaTest/2d/dma2dBlockTransferWithXContinueSrcSmallerDesXsizeYWrapSrcGreaterDesYsizeAndHwTiAndHiTo.sv(166): (vlog-2875) Task "dump_config_to_file" is being called in function "build_phase".
** Warning: ../../src/hvlTop/dmaTest/2d/dma2dBlockTransferWithXContinueSrcSmallerDesXsizeYWrapSrcSmallerDesYsizeAndHwTiAndHiTo.sv(31): (vlog-2240) Treating stand-alone use of function 'randomize' as an implicit VOID cast.
** Warning: ../../src/hvlTop/dmaTest/2d/dma2dBlockTransferWithXContinueSrcSmallerDesXsizeYWrapSrcSmallerDesYsizeAndHwTiAndHiTo.sv(166): (vlog-2875) Task "dump_config_to_file" is being called in function "build_phase".
** Warning: ../../src/hvlTop/dmaTest/2d/dma2dBlockTransferWithXContinueSrcSmallerDesXsizeYWrapSrcEqualDesYsizeAndHwTiAndHiTo.sv(31): (vlog-2240) Treating stand-alone use of function 'randomize' as an implicit VOID cast.
** Warning: ../../src/hvlTop/dmaTest/2d/dma2dBlockTransferWithXContinueSrcSmallerDesXsizeYWrapSrcEqualDesYsizeAndHwTiAndHiTo.sv(166): (vlog-2875) Task "dump_config_to_file" is being called in function "build_phase".
** Warning: ../../src/hvlTop/dmaTest/2d/dma2dBlockTransferWithXContinueSrcSmallerDesXsizeYFillSrcGreaterDesYsizeAndHwTiAndHiTo.sv(31): (vlog-2240) Treating stand-alone use of function 'randomize' as an implicit VOID cast.
** Warning: ../../src/hvlTop/dmaTest/2d/dma2dBlockTransferWithXContinueSrcSmallerDesXsizeYFillSrcGreaterDesYsizeAndHwTiAndHiTo.sv(166): (vlog-2875) Task "dump_config_to_file" is being called in function "build_phase".
** Warning: ../../src/hvlTop/dmaTest/2d/dma2dBlockTransferWithXContinueSrcSmallerDesXsizeYFillSrcSmallerDesYsizeAndHwTiAndHiTo.sv(31): (vlog-2240) Treating stand-alone use of function 'randomize' as an implicit VOID cast.
** Warning: ../../src/hvlTop/dmaTest/2d/dma2dBlockTransferWithXContinueSrcSmallerDesXsizeYFillSrcSmallerDesYsizeAndHwTiAndHiTo.sv(166): (vlog-2875) Task "dump_config_to_file" is being called in function "build_phase".
** Warning: ../../src/hvlTop/dmaTest/2d/dma2dBlockTransferWithXContinueSrcSmallerDesXsizeYFillSrcEqualDesYsizeAndHwTiAndHiTo.sv(31): (vlog-2240) Treating stand-alone use of function 'randomize' as an implicit VOID cast.
** Warning: ../../src/hvlTop/dmaTest/2d/dma2dBlockTransferWithXContinueSrcSmallerDesXsizeYFillSrcEqualDesYsizeAndHwTiAndHiTo.sv(166): (vlog-2875) Task "dump_config_to_file" is being called in function "build_phase".
** Warning: ../../src/hvlTop/dmaTest/2d/dma2dBlockTransferWithXContinueSrcEqualDesXsizeYContinueSrcGreaterDesYsizeAndHwTiAndHiTo.sv(31): (vlog-2240) Treating stand-alone use of function 'randomize' as an implicit VOID cast.
** Warning: ../../src/hvlTop/dmaTest/2d/dma2dBlockTransferWithXContinueSrcEqualDesXsizeYContinueSrcGreaterDesYsizeAndHwTiAndHiTo.sv(166): (vlog-2875) Task "dump_config_to_file" is being called in function "build_phase".
** Warning: ../../src/hvlTop/dmaTest/2d/dma2dBlockTransferWithXContinueSrcEqualDesXsizeYContinueSrcSmallerDesYsizeAndHwTiAndHiTo.sv(31): (vlog-2240) Treating stand-alone use of function 'randomize' as an implicit VOID cast.
** Warning: ../../src/hvlTop/dmaTest/2d/dma2dBlockTransferWithXContinueSrcEqualDesXsizeYContinueSrcSmallerDesYsizeAndHwTiAndHiTo.sv(166): (vlog-2875) Task "dump_config_to_file" is being called in function "build_phase".
** Warning: ../../src/hvlTop/dmaTest/2d/dma2dBlockTransferWithXContinueSrcEqualDesXsizeYContinueSrcEqualDesYsizeAndHwTiAndHiTo.sv(31): (vlog-2240) Treating stand-alone use of function 'randomize' as an implicit VOID cast.
** Warning: ../../src/hvlTop/dmaTest/2d/dma2dBlockTransferWithXContinueSrcEqualDesXsizeYContinueSrcEqualDesYsizeAndHwTiAndHiTo.sv(166): (vlog-2875) Task "dump_config_to_file" is being called in function "build_phase".
** Warning: ../../src/hvlTop/dmaTest/2d/dma2dBlockTransferWithXContinueSrcEqualDesXsizeYWrapSrcGreaterDesYsizeAndHwTiAndHiTo.sv(31): (vlog-2240) Treating stand-alone use of function 'randomize' as an implicit VOID cast.
** Warning: ../../src/hvlTop/dmaTest/2d/dma2dBlockTransferWithXContinueSrcEqualDesXsizeYWrapSrcGreaterDesYsizeAndHwTiAndHiTo.sv(166): (vlog-2875) Task "dump_config_to_file" is being called in function "build_phase".
** Warning: ../../src/hvlTop/dmaTest/2d/dma2dBlockTransferWithXContinueSrcEqualDesXsizeYWrapSrcSmallerDesYsizeAndHwTiAndHiTo.sv(31): (vlog-2240) Treating stand-alone use of function 'randomize' as an implicit VOID cast.
** Warning: ../../src/hvlTop/dmaTest/2d/dma2dBlockTransferWithXContinueSrcEqualDesXsizeYWrapSrcSmallerDesYsizeAndHwTiAndHiTo.sv(166): (vlog-2875) Task "dump_config_to_file" is being called in function "build_phase".
** Warning: ../../src/hvlTop/dmaTest/2d/dma2dBlockTransferWithXContinueSrcEqualDesXsizeYWrapSrcEqualDesYsizeAndHwTiAndHiTo.sv(31): (vlog-2240) Treating stand-alone use of function 'randomize' as an implicit VOID cast.
** Warning: ../../src/hvlTop/dmaTest/2d/dma2dBlockTransferWithXContinueSrcEqualDesXsizeYWrapSrcEqualDesYsizeAndHwTiAndHiTo.sv(166): (vlog-2875) Task "dump_config_to_file" is being called in function "build_phase".
** Warning: ../../src/hvlTop/dmaTest/2d/dma2dBlockTransferWithXContinueSrcEqualDesXsizeYFillSrcGreaterDesYsizeAndHwTiAndHiTo.sv(31): (vlog-2240) Treating stand-alone use of function 'randomize' as an implicit VOID cast.
** Warning: ../../src/hvlTop/dmaTest/2d/dma2dBlockTransferWithXContinueSrcEqualDesXsizeYFillSrcGreaterDesYsizeAndHwTiAndHiTo.sv(166): (vlog-2875) Task "dump_config_to_file" is being called in function "build_phase".
** Warning: ../../src/hvlTop/dmaTest/2d/dma2dBlockTransferWithXContinueSrcEqualDesXsizeYFillSrcSmallerDesYsizeAndHwTiAndHiTo.sv(31): (vlog-2240) Treating stand-alone use of function 'randomize' as an implicit VOID cast.
** Warning: ../../src/hvlTop/dmaTest/2d/dma2dBlockTransferWithXContinueSrcEqualDesXsizeYFillSrcSmallerDesYsizeAndHwTiAndHiTo.sv(166): (vlog-2875) Task "dump_config_to_file" is being called in function "build_phase".
** Warning: ../../src/hvlTop/dmaTest/2d/dma2dBlockTransferWithXContinueSrcEqualDesXsizeYFillSrcEqualDesYsizeAndHwTiAndHiTo.sv(31): (vlog-2240) Treating stand-alone use of function 'randomize' as an implicit VOID cast.
** Warning: ../../src/hvlTop/dmaTest/2d/dma2dBlockTransferWithXContinueSrcEqualDesXsizeYFillSrcEqualDesYsizeAndHwTiAndHiTo.sv(166): (vlog-2875) Task "dump_config_to_file" is being called in function "build_phase".
** Warning: ../../src/hvlTop/dmaTest/2d/dma2dBlockTransferWithXWrapSrcGreaterDesXsizeYContinueSrcGreaterDesYsizeAndHwTiAndHiTo.sv(31): (vlog-2240) Treating stand-alone use of function 'randomize' as an implicit VOID cast.
** Warning: ../../src/hvlTop/dmaTest/2d/dma2dBlockTransferWithXWrapSrcGreaterDesXsizeYContinueSrcGreaterDesYsizeAndHwTiAndHiTo.sv(166): (vlog-2875) Task "dump_config_to_file" is being called in function "build_phase".
** Warning: ../../src/hvlTop/dmaTest/2d/dma2dBlockTransferWithXWrapSrcGreaterDesXsizeYContinueSrcSmallerDesYsizeAndHwTiAndHiTo.sv(31): (vlog-2240) Treating stand-alone use of function 'randomize' as an implicit VOID cast.
** Warning: ../../src/hvlTop/dmaTest/2d/dma2dBlockTransferWithXWrapSrcGreaterDesXsizeYContinueSrcSmallerDesYsizeAndHwTiAndHiTo.sv(166): (vlog-2875) Task "dump_config_to_file" is being called in function "build_phase".
** Warning: ../../src/hvlTop/dmaTest/2d/dma2dBlockTransferWithXWrapSrcGreaterDesXsizeYContinueSrcEqualDesYsizeAndHwTiAndHiTo.sv(31): (vlog-2240) Treating stand-alone use of function 'randomize' as an implicit VOID cast.
** Warning: ../../src/hvlTop/dmaTest/2d/dma2dBlockTransferWithXWrapSrcGreaterDesXsizeYContinueSrcEqualDesYsizeAndHwTiAndHiTo.sv(166): (vlog-2875) Task "dump_config_to_file" is being called in function "build_phase".
** Warning: ../../src/hvlTop/dmaTest/2d/dma2dBlockTransferWithXWrapSrcGreaterDesXsizeYWrapSrcGreaterDesYsizeAndHwTiAndHiTo.sv(31): (vlog-2240) Treating stand-alone use of function 'randomize' as an implicit VOID cast.
** Warning: ../../src/hvlTop/dmaTest/2d/dma2dBlockTransferWithXWrapSrcGreaterDesXsizeYWrapSrcGreaterDesYsizeAndHwTiAndHiTo.sv(166): (vlog-2875) Task "dump_config_to_file" is being called in function "build_phase".
** Warning: ../../src/hvlTop/dmaTest/2d/dma2dBlockTransferWithXWrapSrcGreaterDesXsizeYWrapSrcSmallerDesYsizeAndHwTiAndHiTo.sv(31): (vlog-2240) Treating stand-alone use of function 'randomize' as an implicit VOID cast.
** Warning: ../../src/hvlTop/dmaTest/2d/dma2dBlockTransferWithXWrapSrcGreaterDesXsizeYWrapSrcSmallerDesYsizeAndHwTiAndHiTo.sv(166): (vlog-2875) Task "dump_config_to_file" is being called in function "build_phase".
** Warning: ../../src/hvlTop/dmaTest/2d/dma2dBlockTransferWithXWrapSrcGreaterDesXsizeYWrapSrcEqualDesYsizeAndHwTiAndHiTo.sv(31): (vlog-2240) Treating stand-alone use of function 'randomize' as an implicit VOID cast.
** Warning: ../../src/hvlTop/dmaTest/2d/dma2dBlockTransferWithXWrapSrcGreaterDesXsizeYWrapSrcEqualDesYsizeAndHwTiAndHiTo.sv(166): (vlog-2875) Task "dump_config_to_file" is being called in function "build_phase".
** Warning: ../../src/hvlTop/dmaTest/2d/dma2dBlockTransferWithXWrapSrcGreaterDesXsizeYFillSrcGreaterDesYsizeAndHwTiAndHiTo.sv(31): (vlog-2240) Treating stand-alone use of function 'randomize' as an implicit VOID cast.
** Warning: ../../src/hvlTop/dmaTest/2d/dma2dBlockTransferWithXWrapSrcGreaterDesXsizeYFillSrcGreaterDesYsizeAndHwTiAndHiTo.sv(166): (vlog-2875) Task "dump_config_to_file" is being called in function "build_phase".
** Warning: ../../src/hvlTop/dmaTest/2d/dma2dBlockTransferWithXWrapSrcGreaterDesXsizeYFillSrcSmallerDesYsizeAndHwTiAndHiTo.sv(31): (vlog-2240) Treating stand-alone use of function 'randomize' as an implicit VOID cast.
** Warning: ../../src/hvlTop/dmaTest/2d/dma2dBlockTransferWithXWrapSrcGreaterDesXsizeYFillSrcSmallerDesYsizeAndHwTiAndHiTo.sv(166): (vlog-2875) Task "dump_config_to_file" is being called in function "build_phase".
** Warning: ../../src/hvlTop/dmaTest/2d/dma2dBlockTransferWithXWrapSrcGreaterDesXsizeYFillSrcEqualDesYsizeAndHwTiAndHiTo.sv(31): (vlog-2240) Treating stand-alone use of function 'randomize' as an implicit VOID cast.
** Warning: ../../src/hvlTop/dmaTest/2d/dma2dBlockTransferWithXWrapSrcGreaterDesXsizeYFillSrcEqualDesYsizeAndHwTiAndHiTo.sv(166): (vlog-2875) Task "dump_config_to_file" is being called in function "build_phase".
** Warning: ../../src/hvlTop/dmaTest/2d/dma2dBlockTransferWithXWrapSrcSmallerDesXsizeYContinueSrcGreaterDesYsizeAndHwTiAndHiTo.sv(31): (vlog-2240) Treating stand-alone use of function 'randomize' as an implicit VOID cast.
** Warning: ../../src/hvlTop/dmaTest/2d/dma2dBlockTransferWithXWrapSrcSmallerDesXsizeYContinueSrcGreaterDesYsizeAndHwTiAndHiTo.sv(166): (vlog-2875) Task "dump_config_to_file" is being called in function "build_phase".
** Warning: ../../src/hvlTop/dmaTest/2d/dma2dBlockTransferWithXWrapSrcSmallerDesXsizeYContinueSrcSmallerDesYsizeAndHwTiAndHiTo.sv(31): (vlog-2240) Treating stand-alone use of function 'randomize' as an implicit VOID cast.
** Warning: ../../src/hvlTop/dmaTest/2d/dma2dBlockTransferWithXWrapSrcSmallerDesXsizeYContinueSrcSmallerDesYsizeAndHwTiAndHiTo.sv(166): (vlog-2875) Task "dump_config_to_file" is being called in function "build_phase".
** Warning: ../../src/hvlTop/dmaTest/2d/dma2dBlockTransferWithXWrapSrcSmallerDesXsizeYContinueSrcEqualDesYsizeAndHwTiAndHiTo.sv(31): (vlog-2240) Treating stand-alone use of function 'randomize' as an implicit VOID cast.
** Warning: ../../src/hvlTop/dmaTest/2d/dma2dBlockTransferWithXWrapSrcSmallerDesXsizeYContinueSrcEqualDesYsizeAndHwTiAndHiTo.sv(166): (vlog-2875) Task "dump_config_to_file" is being called in function "build_phase".
** Warning: ../../src/hvlTop/dmaTest/2d/dma2dBlockTransferWithXWrapSrcSmallerDesXsizeYWrapSrcGreaterDesYsizeAndHwTiAndHiTo.sv(31): (vlog-2240) Treating stand-alone use of function 'randomize' as an implicit VOID cast.
** Warning: ../../src/hvlTop/dmaTest/2d/dma2dBlockTransferWithXWrapSrcSmallerDesXsizeYWrapSrcGreaterDesYsizeAndHwTiAndHiTo.sv(166): (vlog-2875) Task "dump_config_to_file" is being called in function "build_phase".
** Warning: ../../src/hvlTop/dmaTest/2d/dma2dBlockTransferWithXWrapSrcSmallerDesXsizeYWrapSrcSmallerDesYsizeAndHwTiAndHiTo.sv(31): (vlog-2240) Treating stand-alone use of function 'randomize' as an implicit VOID cast.
** Warning: ../../src/hvlTop/dmaTest/2d/dma2dBlockTransferWithXWrapSrcSmallerDesXsizeYWrapSrcSmallerDesYsizeAndHwTiAndHiTo.sv(166): (vlog-2875) Task "dump_config_to_file" is being called in function "build_phase".
** Warning: ../../src/hvlTop/dmaTest/2d/dma2dBlockTransferWithXWrapSrcSmallerDesXsizeYWrapSrcEqualDesYsizeAndHwTiAndHiTo.sv(31): (vlog-2240) Treating stand-alone use of function 'randomize' as an implicit VOID cast.
** Warning: ../../src/hvlTop/dmaTest/2d/dma2dBlockTransferWithXWrapSrcSmallerDesXsizeYWrapSrcEqualDesYsizeAndHwTiAndHiTo.sv(166): (vlog-2875) Task "dump_config_to_file" is being called in function "build_phase".
** Warning: ../../src/hvlTop/dmaTest/2d/dma2dBlockTransferWithXWrapSrcSmallerDesXsizeYFillSrcGreaterDesYsizeAndHwTiAndHiTo.sv(31): (vlog-2240) Treating stand-alone use of function 'randomize' as an implicit VOID cast.
** Warning: ../../src/hvlTop/dmaTest/2d/dma2dBlockTransferWithXWrapSrcSmallerDesXsizeYFillSrcGreaterDesYsizeAndHwTiAndHiTo.sv(166): (vlog-2875) Task "dump_config_to_file" is being called in function "build_phase".
** Warning: ../../src/hvlTop/dmaTest/2d/dma2dBlockTransferWithXWrapSrcSmallerDesXsizeYFillSrcSmallerDesYsizeAndHwTiAndHiTo.sv(31): (vlog-2240) Treating stand-alone use of function 'randomize' as an implicit VOID cast.
** Warning: ../../src/hvlTop/dmaTest/2d/dma2dBlockTransferWithXWrapSrcSmallerDesXsizeYFillSrcSmallerDesYsizeAndHwTiAndHiTo.sv(166): (vlog-2875) Task "dump_config_to_file" is being called in function "build_phase".
** Warning: ../../src/hvlTop/dmaTest/2d/dma2dBlockTransferWithXWrapSrcSmallerDesXsizeYFillSrcEqualDesYsizeAndHwTiAndHiTo.sv(31): (vlog-2240) Treating stand-alone use of function 'randomize' as an implicit VOID cast.
** Warning: ../../src/hvlTop/dmaTest/2d/dma2dBlockTransferWithXWrapSrcSmallerDesXsizeYFillSrcEqualDesYsizeAndHwTiAndHiTo.sv(166): (vlog-2875) Task "dump_config_to_file" is being called in function "build_phase".
** Warning: ../../src/hvlTop/dmaTest/2d/dma2dBlockTransferWithXWrapSrcEqualDesXsizeYContinueSrcGreaterDesYsizeAndHwTiAndHiTo.sv(31): (vlog-2240) Treating stand-alone use of function 'randomize' as an implicit VOID cast.
** Warning: ../../src/hvlTop/dmaTest/2d/dma2dBlockTransferWithXWrapSrcEqualDesXsizeYContinueSrcGreaterDesYsizeAndHwTiAndHiTo.sv(166): (vlog-2875) Task "dump_config_to_file" is being called in function "build_phase".
** Warning: ../../src/hvlTop/dmaTest/2d/dma2dBlockTransferWithXWrapSrcEqualDesXsizeYContinueSrcSmallerDesYsizeAndHwTiAndHiTo.sv(31): (vlog-2240) Treating stand-alone use of function 'randomize' as an implicit VOID cast.
** Warning: ../../src/hvlTop/dmaTest/2d/dma2dBlockTransferWithXWrapSrcEqualDesXsizeYContinueSrcSmallerDesYsizeAndHwTiAndHiTo.sv(166): (vlog-2875) Task "dump_config_to_file" is being called in function "build_phase".
** Warning: ../../src/hvlTop/dmaTest/2d/dma2dBlockTransferWithXWrapSrcEqualDesXsizeYContinueSrcEqualDesYsizeAndHwTiAndHiTo.sv(31): (vlog-2240) Treating stand-alone use of function 'randomize' as an implicit VOID cast.
** Warning: ../../src/hvlTop/dmaTest/2d/dma2dBlockTransferWithXWrapSrcEqualDesXsizeYContinueSrcEqualDesYsizeAndHwTiAndHiTo.sv(166): (vlog-2875) Task "dump_config_to_file" is being called in function "build_phase".
** Warning: ../../src/hvlTop/dmaTest/2d/dma2dBlockTransferWithXWrapSrcEqualDesXsizeYWrapSrcGreaterDesYsizeAndHwTiAndHiTo.sv(31): (vlog-2240) Treating stand-alone use of function 'randomize' as an implicit VOID cast.
** Warning: ../../src/hvlTop/dmaTest/2d/dma2dBlockTransferWithXWrapSrcEqualDesXsizeYWrapSrcGreaterDesYsizeAndHwTiAndHiTo.sv(166): (vlog-2875) Task "dump_config_to_file" is being called in function "build_phase".
** Warning: ../../src/hvlTop/dmaTest/2d/dma2dBlockTransferWithXWrapSrcEqualDesXsizeYWrapSrcSmallerDesYsizeAndHwTiAndHiTo.sv(31): (vlog-2240) Treating stand-alone use of function 'randomize' as an implicit VOID cast.
** Warning: ../../src/hvlTop/dmaTest/2d/dma2dBlockTransferWithXWrapSrcEqualDesXsizeYWrapSrcSmallerDesYsizeAndHwTiAndHiTo.sv(166): (vlog-2875) Task "dump_config_to_file" is being called in function "build_phase".
** Warning: ../../src/hvlTop/dmaTest/2d/dma2dBlockTransferWithXWrapSrcEqualDesXsizeYWrapSrcEqualDesYsizeAndHwTiAndHiTo.sv(31): (vlog-2240) Treating stand-alone use of function 'randomize' as an implicit VOID cast.
** Warning: ../../src/hvlTop/dmaTest/2d/dma2dBlockTransferWithXWrapSrcEqualDesXsizeYWrapSrcEqualDesYsizeAndHwTiAndHiTo.sv(166): (vlog-2875) Task "dump_config_to_file" is being called in function "build_phase".
** Warning: ../../src/hvlTop/dmaTest/2d/dma2dBlockTransferWithXWrapSrcEqualDesXsizeYFillSrcGreaterDesYsizeAndHwTiAndHiTo.sv(31): (vlog-2240) Treating stand-alone use of function 'randomize' as an implicit VOID cast.
** Warning: ../../src/hvlTop/dmaTest/2d/dma2dBlockTransferWithXWrapSrcEqualDesXsizeYFillSrcGreaterDesYsizeAndHwTiAndHiTo.sv(166): (vlog-2875) Task "dump_config_to_file" is being called in function "build_phase".
** Warning: ../../src/hvlTop/dmaTest/2d/dma2dBlockTransferWithXWrapSrcEqualDesXsizeYFillSrcSmallerDesYsizeAndHwTiAndHiTo.sv(31): (vlog-2240) Treating stand-alone use of function 'randomize' as an implicit VOID cast.
** Warning: ../../src/hvlTop/dmaTest/2d/dma2dBlockTransferWithXWrapSrcEqualDesXsizeYFillSrcSmallerDesYsizeAndHwTiAndHiTo.sv(166): (vlog-2875) Task "dump_config_to_file" is being called in function "build_phase".
** Warning: ../../src/hvlTop/dmaTest/2d/dma2dBlockTransferWithXWrapSrcEqualDesXsizeYFillSrcEqualDesYsizeAndHwTiAndHiTo.sv(31): (vlog-2240) Treating stand-alone use of function 'randomize' as an implicit VOID cast.
** Warning: ../../src/hvlTop/dmaTest/2d/dma2dBlockTransferWithXWrapSrcEqualDesXsizeYFillSrcEqualDesYsizeAndHwTiAndHiTo.sv(166): (vlog-2875) Task "dump_config_to_file" is being called in function "build_phase".
** Warning: ../../src/hvlTop/dmaTest/2d/dma2dBlockTransferWithXFillSrcGreaterDesXsizeYContinueSrcGreaterDesYsizeAndHwTiAndHiTo.sv(31): (vlog-2240) Treating stand-alone use of function 'randomize' as an implicit VOID cast.
** Warning: ../../src/hvlTop/dmaTest/2d/dma2dBlockTransferWithXFillSrcGreaterDesXsizeYContinueSrcGreaterDesYsizeAndHwTiAndHiTo.sv(166): (vlog-2875) Task "dump_config_to_file" is being called in function "build_phase".
** Warning: ../../src/hvlTop/dmaTest/2d/dma2dBlockTransferWithXFillSrcGreaterDesXsizeYContinueSrcSmallerDesYsizeAndHwTiAndHiTo.sv(31): (vlog-2240) Treating stand-alone use of function 'randomize' as an implicit VOID cast.
** Warning: ../../src/hvlTop/dmaTest/2d/dma2dBlockTransferWithXFillSrcGreaterDesXsizeYContinueSrcSmallerDesYsizeAndHwTiAndHiTo.sv(166): (vlog-2875) Task "dump_config_to_file" is being called in function "build_phase".
** Warning: ../../src/hvlTop/dmaTest/2d/dma2dBlockTransferWithXFillSrcGreaterDesXsizeYContinueSrcEqualDesYsizeAndHwTiAndHiTo.sv(31): (vlog-2240) Treating stand-alone use of function 'randomize' as an implicit VOID cast.
** Warning: ../../src/hvlTop/dmaTest/2d/dma2dBlockTransferWithXFillSrcGreaterDesXsizeYContinueSrcEqualDesYsizeAndHwTiAndHiTo.sv(166): (vlog-2875) Task "dump_config_to_file" is being called in function "build_phase".
** Warning: ../../src/hvlTop/dmaTest/2d/dma2dBlockTransferWithXFillSrcGreaterDesXsizeYWrapSrcGreaterDesYsizeAndHwTiAndHiTo.sv(31): (vlog-2240) Treating stand-alone use of function 'randomize' as an implicit VOID cast.
** Warning: ../../src/hvlTop/dmaTest/2d/dma2dBlockTransferWithXFillSrcGreaterDesXsizeYWrapSrcGreaterDesYsizeAndHwTiAndHiTo.sv(166): (vlog-2875) Task "dump_config_to_file" is being called in function "build_phase".
** Warning: ../../src/hvlTop/dmaTest/2d/dma2dBlockTransferWithXFillSrcGreaterDesXsizeYWrapSrcSmallerDesYsizeAndHwTiAndHiTo.sv(31): (vlog-2240) Treating stand-alone use of function 'randomize' as an implicit VOID cast.
** Warning: ../../src/hvlTop/dmaTest/2d/dma2dBlockTransferWithXFillSrcGreaterDesXsizeYWrapSrcSmallerDesYsizeAndHwTiAndHiTo.sv(166): (vlog-2875) Task "dump_config_to_file" is being called in function "build_phase".
** Warning: ../../src/hvlTop/dmaTest/2d/dma2dBlockTransferWithXFillSrcGreaterDesXsizeYWrapSrcEqualDesYsizeAndHwTiAndHiTo.sv(31): (vlog-2240) Treating stand-alone use of function 'randomize' as an implicit VOID cast.
** Warning: ../../src/hvlTop/dmaTest/2d/dma2dBlockTransferWithXFillSrcGreaterDesXsizeYWrapSrcEqualDesYsizeAndHwTiAndHiTo.sv(166): (vlog-2875) Task "dump_config_to_file" is being called in function "build_phase".
** Warning: ../../src/hvlTop/dmaTest/2d/dma2dBlockTransferWithXFillSrcGreaterDesXsizeYFillSrcGreaterDesYsizeAndHwTiAndHiTo.sv(31): (vlog-2240) Treating stand-alone use of function 'randomize' as an implicit VOID cast.
** Warning: ../../src/hvlTop/dmaTest/2d/dma2dBlockTransferWithXFillSrcGreaterDesXsizeYFillSrcGreaterDesYsizeAndHwTiAndHiTo.sv(166): (vlog-2875) Task "dump_config_to_file" is being called in function "build_phase".
** Warning: ../../src/hvlTop/dmaTest/2d/dma2dBlockTransferWithXFillSrcGreaterDesXsizeYFillSrcSmallerDesYsizeAndHwTiAndHiTo.sv(31): (vlog-2240) Treating stand-alone use of function 'randomize' as an implicit VOID cast.
** Warning: ../../src/hvlTop/dmaTest/2d/dma2dBlockTransferWithXFillSrcGreaterDesXsizeYFillSrcSmallerDesYsizeAndHwTiAndHiTo.sv(166): (vlog-2875) Task "dump_config_to_file" is being called in function "build_phase".
** Warning: ../../src/hvlTop/dmaTest/2d/dma2dBlockTransferWithXFillSrcGreaterDesXsizeYFillSrcEqualDesYsizeAndHwTiAndHiTo.sv(31): (vlog-2240) Treating stand-alone use of function 'randomize' as an implicit VOID cast.
** Warning: ../../src/hvlTop/dmaTest/2d/dma2dBlockTransferWithXFillSrcGreaterDesXsizeYFillSrcEqualDesYsizeAndHwTiAndHiTo.sv(166): (vlog-2875) Task "dump_config_to_file" is being called in function "build_phase".
** Warning: ../../src/hvlTop/dmaTest/2d/dma2dBlockTransferWithXFillSrcSmallerDesXsizeYContinueSrcGreaterDesYsizeAndHwTiAndHiTo.sv(31): (vlog-2240) Treating stand-alone use of function 'randomize' as an implicit VOID cast.
** Warning: ../../src/hvlTop/dmaTest/2d/dma2dBlockTransferWithXFillSrcSmallerDesXsizeYContinueSrcGreaterDesYsizeAndHwTiAndHiTo.sv(166): (vlog-2875) Task "dump_config_to_file" is being called in function "build_phase".
** Warning: ../../src/hvlTop/dmaTest/2d/dma2dBlockTransferWithXFillSrcSmallerDesXsizeYContinueSrcSmallerDesYsizeAndHwTiAndHiTo.sv(31): (vlog-2240) Treating stand-alone use of function 'randomize' as an implicit VOID cast.
** Warning: ../../src/hvlTop/dmaTest/2d/dma2dBlockTransferWithXFillSrcSmallerDesXsizeYContinueSrcSmallerDesYsizeAndHwTiAndHiTo.sv(166): (vlog-2875) Task "dump_config_to_file" is being called in function "build_phase".
** Warning: ../../src/hvlTop/dmaTest/2d/dma2dBlockTransferWithXFillSrcSmallerDesXsizeYContinueSrcEqualDesYsizeAndHwTiAndHiTo.sv(31): (vlog-2240) Treating stand-alone use of function 'randomize' as an implicit VOID cast.
** Warning: ../../src/hvlTop/dmaTest/2d/dma2dBlockTransferWithXFillSrcSmallerDesXsizeYContinueSrcEqualDesYsizeAndHwTiAndHiTo.sv(166): (vlog-2875) Task "dump_config_to_file" is being called in function "build_phase".
** Warning: ../../src/hvlTop/dmaTest/2d/dma2dBlockTransferWithXFillSrcSmallerDesXsizeYWrapSrcGreaterDesYsizeAndHwTiAndHiTo.sv(31): (vlog-2240) Treating stand-alone use of function 'randomize' as an implicit VOID cast.
** Warning: ../../src/hvlTop/dmaTest/2d/dma2dBlockTransferWithXFillSrcSmallerDesXsizeYWrapSrcGreaterDesYsizeAndHwTiAndHiTo.sv(166): (vlog-2875) Task "dump_config_to_file" is being called in function "build_phase".
** Warning: ../../src/hvlTop/dmaTest/2d/dma2dBlockTransferWithXFillSrcSmallerDesXsizeYWrapSrcSmallerDesYsizeAndHwTiAndHiTo.sv(31): (vlog-2240) Treating stand-alone use of function 'randomize' as an implicit VOID cast.
** Warning: ../../src/hvlTop/dmaTest/2d/dma2dBlockTransferWithXFillSrcSmallerDesXsizeYWrapSrcSmallerDesYsizeAndHwTiAndHiTo.sv(166): (vlog-2875) Task "dump_config_to_file" is being called in function "build_phase".
** Warning: ../../src/hvlTop/dmaTest/2d/dma2dBlockTransferWithXFillSrcSmallerDesXsizeYWrapSrcEqualDesYsizeAndHwTiAndHiTo.sv(31): (vlog-2240) Treating stand-alone use of function 'randomize' as an implicit VOID cast.
** Warning: ../../src/hvlTop/dmaTest/2d/dma2dBlockTransferWithXFillSrcSmallerDesXsizeYWrapSrcEqualDesYsizeAndHwTiAndHiTo.sv(166): (vlog-2875) Task "dump_config_to_file" is being called in function "build_phase".
** Warning: ../../src/hvlTop/dmaTest/2d/dma2dBlockTransferWithXFillSrcSmallerDesXsizeYFillSrcGreaterDesYsizeAndHwTiAndHiTo.sv(31): (vlog-2240) Treating stand-alone use of function 'randomize' as an implicit VOID cast.
** Warning: ../../src/hvlTop/dmaTest/2d/dma2dBlockTransferWithXFillSrcSmallerDesXsizeYFillSrcGreaterDesYsizeAndHwTiAndHiTo.sv(166): (vlog-2875) Task "dump_config_to_file" is being called in function "build_phase".
** Warning: ../../src/hvlTop/dmaTest/2d/dma2dBlockTransferWithXFillSrcSmallerDesXsizeYFillSrcSmallerDesYsizeAndHwTiAndHiTo.sv(31): (vlog-2240) Treating stand-alone use of function 'randomize' as an implicit VOID cast.
** Warning: ../../src/hvlTop/dmaTest/2d/dma2dBlockTransferWithXFillSrcSmallerDesXsizeYFillSrcSmallerDesYsizeAndHwTiAndHiTo.sv(166): (vlog-2875) Task "dump_config_to_file" is being called in function "build_phase".
** Warning: ../../src/hvlTop/dmaTest/2d/dma2dBlockTransferWithXFillSrcSmallerDesXsizeYFillSrcEqualDesYsizeAndHwTiAndHiTo.sv(31): (vlog-2240) Treating stand-alone use of function 'randomize' as an implicit VOID cast.
** Warning: ../../src/hvlTop/dmaTest/2d/dma2dBlockTransferWithXFillSrcSmallerDesXsizeYFillSrcEqualDesYsizeAndHwTiAndHiTo.sv(166): (vlog-2875) Task "dump_config_to_file" is being called in function "build_phase".
** Warning: ../../src/hvlTop/dmaTest/2d/dma2dBlockTransferWithXFillSrcEqualDesXsizeYContinueSrcGreaterDesYsizeAndHwTiAndHiTo.sv(31): (vlog-2240) Treating stand-alone use of function 'randomize' as an implicit VOID cast.
** Warning: ../../src/hvlTop/dmaTest/2d/dma2dBlockTransferWithXFillSrcEqualDesXsizeYContinueSrcGreaterDesYsizeAndHwTiAndHiTo.sv(166): (vlog-2875) Task "dump_config_to_file" is being called in function "build_phase".
** Warning: ../../src/hvlTop/dmaTest/2d/dma2dBlockTransferWithXFillSrcEqualDesXsizeYContinueSrcSmallerDesYsizeAndHwTiAndHiTo.sv(31): (vlog-2240) Treating stand-alone use of function 'randomize' as an implicit VOID cast.
** Warning: ../../src/hvlTop/dmaTest/2d/dma2dBlockTransferWithXFillSrcEqualDesXsizeYContinueSrcSmallerDesYsizeAndHwTiAndHiTo.sv(166): (vlog-2875) Task "dump_config_to_file" is being called in function "build_phase".
** Warning: ../../src/hvlTop/dmaTest/2d/dma2dBlockTransferWithXFillSrcEqualDesXsizeYContinueSrcEqualDesYsizeAndHwTiAndHiTo.sv(31): (vlog-2240) Treating stand-alone use of function 'randomize' as an implicit VOID cast.
** Warning: ../../src/hvlTop/dmaTest/2d/dma2dBlockTransferWithXFillSrcEqualDesXsizeYContinueSrcEqualDesYsizeAndHwTiAndHiTo.sv(166): (vlog-2875) Task "dump_config_to_file" is being called in function "build_phase".
** Warning: ../../src/hvlTop/dmaTest/2d/dma2dBlockTransferWithXFillSrcEqualDesXsizeYWrapSrcGreaterDesYsizeAndHwTiAndHiTo.sv(31): (vlog-2240) Treating stand-alone use of function 'randomize' as an implicit VOID cast.
** Warning: ../../src/hvlTop/dmaTest/2d/dma2dBlockTransferWithXFillSrcEqualDesXsizeYWrapSrcGreaterDesYsizeAndHwTiAndHiTo.sv(166): (vlog-2875) Task "dump_config_to_file" is being called in function "build_phase".
** Warning: ../../src/hvlTop/dmaTest/2d/dma2dBlockTransferWithXFillSrcEqualDesXsizeYWrapSrcSmallerDesYsizeAndHwTiAndHiTo.sv(31): (vlog-2240) Treating stand-alone use of function 'randomize' as an implicit VOID cast.
** Warning: ../../src/hvlTop/dmaTest/2d/dma2dBlockTransferWithXFillSrcEqualDesXsizeYWrapSrcSmallerDesYsizeAndHwTiAndHiTo.sv(166): (vlog-2875) Task "dump_config_to_file" is being called in function "build_phase".
** Warning: ../../src/hvlTop/dmaTest/2d/dma2dBlockTransferWithXFillSrcEqualDesXsizeYWrapSrcEqualDesYsizeAndHwTiAndHiTo.sv(31): (vlog-2240) Treating stand-alone use of function 'randomize' as an implicit VOID cast.
** Warning: ../../src/hvlTop/dmaTest/2d/dma2dBlockTransferWithXFillSrcEqualDesXsizeYWrapSrcEqualDesYsizeAndHwTiAndHiTo.sv(166): (vlog-2875) Task "dump_config_to_file" is being called in function "build_phase".
** Warning: ../../src/hvlTop/dmaTest/2d/dma2dBlockTransferWithXFillSrcEqualDesXsizeYFillSrcGreaterDesYsizeAndHwTiAndHiTo.sv(31): (vlog-2240) Treating stand-alone use of function 'randomize' as an implicit VOID cast.
** Warning: ../../src/hvlTop/dmaTest/2d/dma2dBlockTransferWithXFillSrcEqualDesXsizeYFillSrcGreaterDesYsizeAndHwTiAndHiTo.sv(166): (vlog-2875) Task "dump_config_to_file" is being called in function "build_phase".
** Warning: ../../src/hvlTop/dmaTest/2d/dma2dBlockTransferWithXFillSrcEqualDesXsizeYFillSrcSmallerDesYsizeAndHwTiAndHiTo.sv(31): (vlog-2240) Treating stand-alone use of function 'randomize' as an implicit VOID cast.
** Warning: ../../src/hvlTop/dmaTest/2d/dma2dBlockTransferWithXFillSrcEqualDesXsizeYFillSrcSmallerDesYsizeAndHwTiAndHiTo.sv(166): (vlog-2875) Task "dump_config_to_file" is being called in function "build_phase".
** Warning: ../../src/hvlTop/dmaTest/2d/dma2dBlockTransferWithXFillSrcEqualDesXsizeYFillSrcEqualDesYsizeAndHwTiAndHiTo.sv(31): (vlog-2240) Treating stand-alone use of function 'randomize' as an implicit VOID cast.
** Warning: ../../src/hvlTop/dmaTest/2d/dma2dBlockTransferWithXFillSrcEqualDesXsizeYFillSrcEqualDesYsizeAndHwTiAndHiTo.sv(166): (vlog-2875) Task "dump_config_to_file" is being called in function "build_phase".
** Warning: ../../src/hvlTop/dmaTest/addressIncrement/dma1dBlockTransferWithSrcAddrIncrEqualDesAddrIncrAndHwTiAndHiTo.sv(31): (vlog-2240) Treating stand-alone use of function 'randomize' as an implicit VOID cast.
** Warning: ../../src/hvlTop/dmaTest/addressIncrement/dma1dBlockTransferWithSrcAddrIncrEqualDesAddrIncrAndHwTiAndHiTo.sv(302): (vlog-2875) Task "dump_config_to_file" is being called in function "build_phase".
** Warning: ../../src/hvlTop/dmaTest/addressIncrement/dma1dBlockTransferWithSrcAddrIncrGreaterThanDesAddrIncrAndHwTiAndHiTo.sv(31): (vlog-2240) Treating stand-alone use of function 'randomize' as an implicit VOID cast.
** Warning: ../../src/hvlTop/dmaTest/addressIncrement/dma1dBlockTransferWithSrcAddrIncrGreaterThanDesAddrIncrAndHwTiAndHiTo.sv(302): (vlog-2875) Task "dump_config_to_file" is being called in function "build_phase".
** Warning: ../../src/hvlTop/dmaTest/addressIncrement/dma1dBlockTransferWithSrcAddrIncrSmallerThanDesAddrIncrAndHwTiAndHiTo.sv(31): (vlog-2240) Treating stand-alone use of function 'randomize' as an implicit VOID cast.
** Warning: ../../src/hvlTop/dmaTest/addressIncrement/dma1dBlockTransferWithSrcAddrIncrSmallerThanDesAddrIncrAndHwTiAndHiTo.sv(302): (vlog-2875) Task "dump_config_to_file" is being called in function "build_phase".
** Warning: ../../src/hvlTop/dmaTest/addressIncrement/dma1dBlockTransferWithSrcAddrIncrZeroDesAddrIncrNonZeroAndHwTiAndHiTo.sv(31): (vlog-2240) Treating stand-alone use of function 'randomize' as an implicit VOID cast.
** Warning: ../../src/hvlTop/dmaTest/addressIncrement/dma1dBlockTransferWithSrcAddrIncrZeroDesAddrIncrNonZeroAndHwTiAndHiTo.sv(302): (vlog-2875) Task "dump_config_to_file" is being called in function "build_phase".
** Warning: ../../src/hvlTop/dmaTest/addressIncrement/dma1dBlockTransferWithSrcAddrIncrNonZeroDesAddrIncrZeroAndHwTiAndHiTo.sv(31): (vlog-2240) Treating stand-alone use of function 'randomize' as an implicit VOID cast.
** Warning: ../../src/hvlTop/dmaTest/addressIncrement/dma1dBlockTransferWithSrcAddrIncrNonZeroDesAddrIncrZeroAndHwTiAndHiTo.sv(302): (vlog-2875) Task "dump_config_to_file" is being called in function "build_phase".
** Warning: ../../src/hvlTop/dmaTest/addressIncrement/dma1dBlockTransferWithSrcAddrIncrTwoDesAddrIncrFourAndHwTiAndHiTo.sv(31): (vlog-2240) Treating stand-alone use of function 'randomize' as an implicit VOID cast.
** Warning: ../../src/hvlTop/dmaTest/addressIncrement/dma1dBlockTransferWithSrcAddrIncrTwoDesAddrIncrFourAndHwTiAndHiTo.sv(302): (vlog-2875) Task "dump_config_to_file" is being called in function "build_phase".
** Warning: ../../src/hvlTop/dmaTest/addressIncrement/dma1dBlockTransferWithSrcAddrIncrFourDesAddrIncrTwoAndHwTiAndHiTo.sv(31): (vlog-2240) Treating stand-alone use of function 'randomize' as an implicit VOID cast.
** Warning: ../../src/hvlTop/dmaTest/addressIncrement/dma1dBlockTransferWithSrcAddrIncrFourDesAddrIncrTwoAndHwTiAndHiTo.sv(302): (vlog-2875) Task "dump_config_to_file" is being called in function "build_phase".
** Warning: ../../src/hvlTop/dmaTest/addressIncrement/dma1dBlockTransferWithSrcAndDesAddrIncrMaxPositiveAndHwTiAndHiTo.sv(31): (vlog-2240) Treating stand-alone use of function 'randomize' as an implicit VOID cast.
** Warning: ../../src/hvlTop/dmaTest/addressIncrement/dma1dBlockTransferWithSrcAndDesAddrIncrMaxPositiveAndHwTiAndHiTo.sv(302): (vlog-2875) Task "dump_config_to_file" is being called in function "build_phase".
** Warning: ../../src/hvlTop/dmaTest/addressIncrement/dma1dBlockTransferWithSrcAndDesAddrIncrEqualSixteenAndHwTiAndHiTo.sv(31): (vlog-2240) Treating stand-alone use of function 'randomize' as an implicit VOID cast.
** Warning: ../../src/hvlTop/dmaTest/addressIncrement/dma1dBlockTransferWithSrcAndDesAddrIncrEqualSixteenAndHwTiAndHiTo.sv(302): (vlog-2875) Task "dump_config_to_file" is being called in function "build_phase".
** Warning: ../../src/hvlTop/dmaTest/addressIncrement/dma1dBlockTransferWithSrcAndDesAddrIncrBit15SetWithIncrOneAndHwTiAndHiTo.sv(31): (vlog-2240) Treating stand-alone use of function 'randomize' as an implicit VOID cast.
** Warning: ../../src/hvlTop/dmaTest/addressIncrement/dma1dBlockTransferWithSrcAndDesAddrIncrBit15SetWithIncrOneAndHwTiAndHiTo.sv(302): (vlog-2875) Task "dump_config_to_file" is being called in function "build_phase".
** Warning: ../../src/hvlTop/dmaTest/addressIncrement/dma1dBlockTransferWithSrcAddrIncrBit15SetGreaterThanDesAddrIncrBit15SetAndHwTiAndHiTo.sv(31): (vlog-2240) Treating stand-alone use of function 'randomize' as an implicit VOID cast.
** Warning: ../../src/hvlTop/dmaTest/addressIncrement/dma1dBlockTransferWithSrcAddrIncrBit15SetGreaterThanDesAddrIncrBit15SetAndHwTiAndHiTo.sv(302): (vlog-2875) Task "dump_config_to_file" is being called in function "build_phase".
** Warning: ../../src/hvlTop/dmaTest/addressIncrement/dma1dBlockTransferWithSrcAddrIncrBit15SetSmallerThanDesAddrIncrBit15SetAndHwTiAndHiTo.sv(31): (vlog-2240) Treating stand-alone use of function 'randomize' as an implicit VOID cast.
** Warning: ../../src/hvlTop/dmaTest/addressIncrement/dma1dBlockTransferWithSrcAddrIncrBit15SetSmallerThanDesAddrIncrBit15SetAndHwTiAndHiTo.sv(302): (vlog-2875) Task "dump_config_to_file" is being called in function "build_phase".
-- Compiling package axi4_if_sv_unit
-- Importing package axi4_globals_pkg
-- Compiling interface axi4_if
-- Compiling module axi4_master_agent_bfm
-- Importing package mtiUvm.uvm_pkg (uvm-1.1d Built-in)
-- Compiling package axi4_master_driver_bfm_sv_unit
-- Importing package axi4_globals_pkg
-- Compiling interface axi4_master_driver_bfm
-- Importing package mtiUvm.uvm_pkg (uvm-1.1d Built-in)
-- Importing package axi4_master_pkg
-- Compiling package axi4_master_monitor_bfm_sv_unit
-- Importing package axi4_globals_pkg
-- Compiling interface axi4_master_monitor_bfm
-- Importing package mtiUvm.uvm_pkg (uvm-1.1d Built-in)
-- Importing package axi4_master_pkg
-- Compiling package axi4_slave_monitor_bfm_sv_unit
-- Importing package axi4_globals_pkg
-- Compiling interface axi4_slave_monitor_bfm
-- Importing package mtiUvm.uvm_pkg (uvm-1.1d Built-in)
-- Importing package axi4_slave_pkg
-- Compiling module axi4_slave_agent_bfm
-- Compiling package axi4_slave_driver_bfm_sv_unit
-- Importing package axi4_globals_pkg
-- Compiling interface axi4_slave_driver_bfm
-- Importing package mtiUvm.uvm_pkg (uvm-1.1d Built-in)
-- Importing package axi4_slave_pkg
-- Compiling module triggerMasterAgentBfm
-- Importing package triggerGlobalPkg
-- Compiling module triggerSlaveAgentBfm
-- Compiling interface triggerInterface
-- Compiling interface triggerMasterDriverBfm
-- Compiling interface triggerMasterMonitorBfm
-- Compiling interface triggerSlaveDriverBfm
-- Compiling interface triggerSlaveMonitorBfm
-- Compiling package apb_if_sv_unit
-- Importing package apb_global_pkg
-- Compiling interface apb_if
-- Compiling package apb_master_driver_bfm_sv_unit
-- Importing package apb_global_pkg
-- Compiling interface apb_master_driver_bfm
-- Importing package mtiUvm.uvm_pkg (uvm-1.1d Built-in)
-- Importing package apb_master_pkg
-- Compiling package apb_master_monitor_bfm_sv_unit
-- Importing package apb_global_pkg
-- Compiling interface apb_master_monitor_bfm
-- Importing package mtiUvm.uvm_pkg (uvm-1.1d Built-in)
-- Importing package apb_master_pkg
-- Compiling module apb_master_agent_bfm
-- Compiling package interruptInterface_sv_unit
-- Importing package interruptGlobalPkg
-- Compiling interface interruptInterface
-- Compiling interface interruptSlaveDriverBfm
-- Compiling interface interruptSlaveMonitorBfm
-- Compiling interface interruptMasterDriverBfm
-- Compiling interface interruptMasterMonitorBfm
-- Compiling module interruptSlaveAgentBfm
-- Importing package mtiUvm.uvm_pkg (uvm-1.1d Built-in)
-- Compiling module interruptMasterAgentBfm
-- Compiling module HvlTop
-- Importing package dmaTestPkg
-- Importing package peripheralEnvPkg
-- Importing package triggerMasterPkg
-- Importing package triggerGlobalPkg
-- Importing package apb_global_pkg
-- Importing package triggerSlavePkg
-- Importing package axi4_master_pkg
-- Importing package axi4_globals_pkg
-- Importing package axi4_slave_pkg
-- Importing package apb_master_pkg
-- Importing package configUnitEnvPkg
-- Importing package interruptSlavePkg
-- Importing package topEnvPkg
-- Importing package dmaGlobalPkg
-- Importing package topVirtualSeqPkg
-- Importing package peripheralVirtualSeqPkg
-- Importing package axi4_slave_seq_pkg
-- Importing package triggerMasterSequencePkg
-- Importing package configUnitVirtualSeqPkg
-- Compiling module hdlTop
-- Compiling package AxiGlobalPackage
-- Compiling package interrconnect_sv_unit
-- Importing package AxiGlobalPackage
-- Compiling interface AxiInterconnect
** Warning: ../../src/hdlTop/interrconnect.sv(87): (vlog-2583) [SVCHK] - Some checking for conflicts with always_comb and always_latch variables not yet supported. Run vopt to provide additional design-level checks.
** Warning: ../../src/hdlTop/interrconnect.sv(88): (vlog-2583) [SVCHK] - Some checking for conflicts with always_comb and always_latch variables not yet supported. Run vopt to provide additional design-level checks.
** Warning: ../../src/hdlTop/interrconnect.sv(89): (vlog-2583) [SVCHK] - Some checking for conflicts with always_comb and always_latch variables not yet supported. Run vopt to provide additional design-level checks.
** Warning: ../../src/hdlTop/interrconnect.sv(90): (vlog-2583) [SVCHK] - Some checking for conflicts with always_comb and always_latch variables not yet supported. Run vopt to provide additional design-level checks.
** Warning: ../../src/hdlTop/interrconnect.sv(91): (vlog-2583) [SVCHK] - Some checking for conflicts with always_comb and always_latch variables not yet supported. Run vopt to provide additional design-level checks.
** Warning: ../../src/hdlTop/interrconnect.sv(92): (vlog-2583) [SVCHK] - Some checking for conflicts with always_comb and always_latch variables not yet supported. Run vopt to provide additional design-level checks.
** Warning: ../../src/hdlTop/interrconnect.sv(93): (vlog-2583) [SVCHK] - Some checking for conflicts with always_comb and always_latch variables not yet supported. Run vopt to provide additional design-level checks.
** Warning: ../../src/hdlTop/interrconnect.sv(94): (vlog-2583) [SVCHK] - Some checking for conflicts with always_comb and always_latch variables not yet supported. Run vopt to provide additional design-level checks.
** Warning: ../../src/hdlTop/interrconnect.sv(95): (vlog-2583) [SVCHK] - Some checking for conflicts with always_comb and always_latch variables not yet supported. Run vopt to provide additional design-level checks.
** Warning: ../../src/hdlTop/interrconnect.sv(96): (vlog-2583) [SVCHK] - Some checking for conflicts with always_comb and always_latch variables not yet supported. Run vopt to provide additional design-level checks.
** Warning: ../../src/hdlTop/interrconnect.sv(97): (vlog-2583) [SVCHK] - Some checking for conflicts with always_comb and always_latch variables not yet supported. Run vopt to provide additional design-level checks.
** Warning: ../../src/hdlTop/interrconnect.sv(98): (vlog-2583) [SVCHK] - Some checking for conflicts with always_comb and always_latch variables not yet supported. Run vopt to provide additional design-level checks.
** Warning: ../../src/hdlTop/interrconnect.sv(99): (vlog-2583) [SVCHK] - Some checking for conflicts with always_comb and always_latch variables not yet supported. Run vopt to provide additional design-level checks.
** Warning: ../../src/hdlTop/interrconnect.sv(100): (vlog-2583) [SVCHK] - Some checking for conflicts with always_comb and always_latch variables not yet supported. Run vopt to provide additional design-level checks.
** Warning: ../../src/hdlTop/interrconnect.sv(101): (vlog-2583) [SVCHK] - Some checking for conflicts with always_comb and always_latch variables not yet supported. Run vopt to provide additional design-level checks.
** Warning: ../../src/hdlTop/interrconnect.sv(102): (vlog-2583) [SVCHK] - Some checking for conflicts with always_comb and always_latch variables not yet supported. Run vopt to provide additional design-level checks.
** Warning: ../../src/hdlTop/interrconnect.sv(103): (vlog-2583) [SVCHK] - Some checking for conflicts with always_comb and always_latch variables not yet supported. Run vopt to provide additional design-level checks.
** Warning: ../../src/hdlTop/interrconnect.sv(104): (vlog-2583) [SVCHK] - Some checking for conflicts with always_comb and always_latch variables not yet supported. Run vopt to provide additional design-level checks.
** Warning: ../../src/hdlTop/interrconnect.sv(105): (vlog-2583) [SVCHK] - Some checking for conflicts with always_comb and always_latch variables not yet supported. Run vopt to provide additional design-level checks.
** Warning: ../../src/hdlTop/interrconnect.sv(106): (vlog-2583) [SVCHK] - Some checking for conflicts with always_comb and always_latch variables not yet supported. Run vopt to provide additional design-level checks.
** Warning: ../../src/hdlTop/interrconnect.sv(107): (vlog-2583) [SVCHK] - Some checking for conflicts with always_comb and always_latch variables not yet supported. Run vopt to provide additional design-level checks.
** Warning: ../../src/hdlTop/interrconnect.sv(108): (vlog-2583) [SVCHK] - Some checking for conflicts with always_comb and always_latch variables not yet supported. Run vopt to provide additional design-level checks.
** Warning: ../../src/hdlTop/interrconnect.sv(109): (vlog-2583) [SVCHK] - Some checking for conflicts with always_comb and always_latch variables not yet supported. Run vopt to provide additional design-level checks.
** Warning: ../../src/hdlTop/interrconnect.sv(110): (vlog-2583) [SVCHK] - Some checking for conflicts with always_comb and always_latch variables not yet supported. Run vopt to provide additional design-level checks.
** Warning: ../../src/hdlTop/interrconnect.sv(111): (vlog-2583) [SVCHK] - Some checking for conflicts with always_comb and always_latch variables not yet supported. Run vopt to provide additional design-level checks.
** Warning: ../../src/hdlTop/interrconnect.sv(112): (vlog-2583) [SVCHK] - Some checking for conflicts with always_comb and always_latch variables not yet supported. Run vopt to provide additional design-level checks.
** Warning: ../../src/hdlTop/interrconnect.sv(135): (vlog-2583) [SVCHK] - Some checking for conflicts with always_comb and always_latch variables not yet supported. Run vopt to provide additional design-level checks.
** Warning: ../../src/hdlTop/interrconnect.sv(136): (vlog-2583) [SVCHK] - Some checking for conflicts with always_comb and always_latch variables not yet supported. Run vopt to provide additional design-level checks.
** Warning: ../../src/hdlTop/interrconnect.sv(137): (vlog-2583) [SVCHK] - Some checking for conflicts with always_comb and always_latch variables not yet supported. Run vopt to provide additional design-level checks.
** Warning: ../../src/hdlTop/interrconnect.sv(138): (vlog-2583) [SVCHK] - Some checking for conflicts with always_comb and always_latch variables not yet supported. Run vopt to provide additional design-level checks.
** Warning: ../../src/hdlTop/interrconnect.sv(139): (vlog-2583) [SVCHK] - Some checking for conflicts with always_comb and always_latch variables not yet supported. Run vopt to provide additional design-level checks.
** Warning: ../../src/hdlTop/interrconnect.sv(140): (vlog-2583) [SVCHK] - Some checking for conflicts with always_comb and always_latch variables not yet supported. Run vopt to provide additional design-level checks.
** Warning: ../../src/hdlTop/interrconnect.sv(141): (vlog-2583) [SVCHK] - Some checking for conflicts with always_comb and always_latch variables not yet supported. Run vopt to provide additional design-level checks.
** Warning: ../../src/hdlTop/interrconnect.sv(142): (vlog-2583) [SVCHK] - Some checking for conflicts with always_comb and always_latch variables not yet supported. Run vopt to provide additional design-level checks.
** Warning: ../../src/hdlTop/interrconnect.sv(143): (vlog-2583) [SVCHK] - Some checking for conflicts with always_comb and always_latch variables not yet supported. Run vopt to provide additional design-level checks.
** Warning: ../../src/hdlTop/interrconnect.sv(144): (vlog-2583) [SVCHK] - Some checking for conflicts with always_comb and always_latch variables not yet supported. Run vopt to provide additional design-level checks.
** Warning: ../../src/hdlTop/interrconnect.sv(145): (vlog-2583) [SVCHK] - Some checking for conflicts with always_comb and always_latch variables not yet supported. Run vopt to provide additional design-level checks.
** Warning: ../../src/hdlTop/interrconnect.sv(314): (vlog-2583) [SVCHK] - Some checking for conflicts with always_comb and always_latch variables not yet supported. Run vopt to provide additional design-level checks.
** Warning: ../../src/hdlTop/interrconnect.sv(315): (vlog-2583) [SVCHK] - Some checking for conflicts with always_comb and always_latch variables not yet supported. Run vopt to provide additional design-level checks.
** Warning: ../../src/hdlTop/interrconnect.sv(316): (vlog-2583) [SVCHK] - Some checking for conflicts with always_comb and always_latch variables not yet supported. Run vopt to provide additional design-level checks.
** Warning: ../../src/hdlTop/interrconnect.sv(320): (vlog-2583) [SVCHK] - Some checking for conflicts with always_comb and always_latch variables not yet supported. Run vopt to provide additional design-level checks.
** Warning: ../../src/hdlTop/interrconnect.sv(321): (vlog-2583) [SVCHK] - Some checking for conflicts with always_comb and always_latch variables not yet supported. Run vopt to provide additional design-level checks.
** Warning: ../../src/hdlTop/interrconnect.sv(322): (vlog-2583) [SVCHK] - Some checking for conflicts with always_comb and always_latch variables not yet supported. Run vopt to provide additional design-level checks.
** Warning: ../../src/hdlTop/interrconnect.sv(323): (vlog-2583) [SVCHK] - Some checking for conflicts with always_comb and always_latch variables not yet supported. Run vopt to provide additional design-level checks.
** Warning: ../../src/hdlTop/interrconnect.sv(324): (vlog-2583) [SVCHK] - Some checking for conflicts with always_comb and always_latch variables not yet supported. Run vopt to provide additional design-level checks.
** Warning: ../../src/hdlTop/interrconnect.sv(325): (vlog-2583) [SVCHK] - Some checking for conflicts with always_comb and always_latch variables not yet supported. Run vopt to provide additional design-level checks.
** Warning: ../../src/hdlTop/interrconnect.sv(326): (vlog-2583) [SVCHK] - Some checking for conflicts with always_comb and always_latch variables not yet supported. Run vopt to provide additional design-level checks.
** Warning: ../../src/hdlTop/interrconnect.sv(327): (vlog-2583) [SVCHK] - Some checking for conflicts with always_comb and always_latch variables not yet supported. Run vopt to provide additional design-level checks.
** Warning: ../../src/hdlTop/interrconnect.sv(328): (vlog-2583) [SVCHK] - Some checking for conflicts with always_comb and always_latch variables not yet supported. Run vopt to provide additional design-level checks.
** Warning: ../../src/hdlTop/interrconnect.sv(329): (vlog-2583) [SVCHK] - Some checking for conflicts with always_comb and always_latch variables not yet supported. Run vopt to provide additional design-level checks.
** Warning: ../../src/hdlTop/interrconnect.sv(331): (vlog-2583) [SVCHK] - Some checking for conflicts with always_comb and always_latch variables not yet supported. Run vopt to provide additional design-level checks.
** Warning: ../../src/hdlTop/interrconnect.sv(332): (vlog-2583) [SVCHK] - Some checking for conflicts with always_comb and always_latch variables not yet supported. Run vopt to provide additional design-level checks.
** Warning: ../../src/hdlTop/interrconnect.sv(333): (vlog-2583) [SVCHK] - Some checking for conflicts with always_comb and always_latch variables not yet supported. Run vopt to provide additional design-level checks.
** Warning: ../../src/hdlTop/interrconnect.sv(334): (vlog-2583) [SVCHK] - Some checking for conflicts with always_comb and always_latch variables not yet supported. Run vopt to provide additional design-level checks.
** Warning: ../../src/hdlTop/interrconnect.sv(335): (vlog-2583) [SVCHK] - Some checking for conflicts with always_comb and always_latch variables not yet supported. Run vopt to provide additional design-level checks.
** Warning: ../../src/hdlTop/interrconnect.sv(340): (vlog-2583) [SVCHK] - Some checking for conflicts with always_comb and always_latch variables not yet supported. Run vopt to provide additional design-level checks.
** Warning: ../../src/hdlTop/interrconnect.sv(341): (vlog-2583) [SVCHK] - Some checking for conflicts with always_comb and always_latch variables not yet supported. Run vopt to provide additional design-level checks.
** Warning: ../../src/hdlTop/interrconnect.sv(342): (vlog-2583) [SVCHK] - Some checking for conflicts with always_comb and always_latch variables not yet supported. Run vopt to provide additional design-level checks.
** Warning: ../../src/hdlTop/interrconnect.sv(343): (vlog-2583) [SVCHK] - Some checking for conflicts with always_comb and always_latch variables not yet supported. Run vopt to provide additional design-level checks.
** Warning: ../../src/hdlTop/interrconnect.sv(344): (vlog-2583) [SVCHK] - Some checking for conflicts with always_comb and always_latch variables not yet supported. Run vopt to provide additional design-level checks.
** Warning: ../../src/hdlTop/interrconnect.sv(345): (vlog-2583) [SVCHK] - Some checking for conflicts with always_comb and always_latch variables not yet supported. Run vopt to provide additional design-level checks.
** Warning: ../../src/hdlTop/interrconnect.sv(346): (vlog-2583) [SVCHK] - Some checking for conflicts with always_comb and always_latch variables not yet supported. Run vopt to provide additional design-level checks.
** Warning: ../../src/hdlTop/interrconnect.sv(347): (vlog-2583) [SVCHK] - Some checking for conflicts with always_comb and always_latch variables not yet supported. Run vopt to provide additional design-level checks.
** Warning: ../../src/hdlTop/interrconnect.sv(348): (vlog-2583) [SVCHK] - Some checking for conflicts with always_comb and always_latch variables not yet supported. Run vopt to provide additional design-level checks.
** Warning: ../../src/hdlTop/interrconnect.sv(349): (vlog-2583) [SVCHK] - Some checking for conflicts with always_comb and always_latch variables not yet supported. Run vopt to provide additional design-level checks.
** Warning: ../../src/hdlTop/interrconnect.sv(351): (vlog-2583) [SVCHK] - Some checking for conflicts with always_comb and always_latch variables not yet supported. Run vopt to provide additional design-level checks.
** Warning: ../../src/hdlTop/interrconnect.sv(363): (vlog-2583) [SVCHK] - Some checking for conflicts with always_comb and always_latch variables not yet supported. Run vopt to provide additional design-level checks.
** Warning: ../../src/hdlTop/interrconnect.sv(364): (vlog-2583) [SVCHK] - Some checking for conflicts with always_comb and always_latch variables not yet supported. Run vopt to provide additional design-level checks.
** Warning: ../../src/hdlTop/interrconnect.sv(365): (vlog-2583) [SVCHK] - Some checking for conflicts with always_comb and always_latch variables not yet supported. Run vopt to provide additional design-level checks.
** Warning: ../../src/hdlTop/interrconnect.sv(366): (vlog-2583) [SVCHK] - Some checking for conflicts with always_comb and always_latch variables not yet supported. Run vopt to provide additional design-level checks.
** Warning: ../../src/hdlTop/interrconnect.sv(367): (vlog-2583) [SVCHK] - Some checking for conflicts with always_comb and always_latch variables not yet supported. Run vopt to provide additional design-level checks.
** Warning: ../../src/hdlTop/interrconnect.sv(369): (vlog-2583) [SVCHK] - Some checking for conflicts with always_comb and always_latch variables not yet supported. Run vopt to provide additional design-level checks.
** Warning: ../../src/hdlTop/interrconnect.sv(369): (vlog-2583) [SVCHK] - Some checking for conflicts with always_comb and always_latch variables not yet supported. Run vopt to provide additional design-level checks.
** Warning: ../../src/hdlTop/interrconnect.sv(372): (vlog-2583) [SVCHK] - Some checking for conflicts with always_comb and always_latch variables not yet supported. Run vopt to provide additional design-level checks.
** Warning: ../../src/hdlTop/interrconnect.sv(373): (vlog-2583) [SVCHK] - Some checking for conflicts with always_comb and always_latch variables not yet supported. Run vopt to provide additional design-level checks.
** Warning: ../../src/hdlTop/interrconnect.sv(374): (vlog-2583) [SVCHK] - Some checking for conflicts with always_comb and always_latch variables not yet supported. Run vopt to provide additional design-level checks.
** Warning: ../../src/hdlTop/interrconnect.sv(375): (vlog-2583) [SVCHK] - Some checking for conflicts with always_comb and always_latch variables not yet supported. Run vopt to provide additional design-level checks.
** Warning: ../../src/hdlTop/interrconnect.sv(376): (vlog-2583) [SVCHK] - Some checking for conflicts with always_comb and always_latch variables not yet supported. Run vopt to provide additional design-level checks.
** Warning: ../../src/hdlTop/interrconnect.sv(380): (vlog-2583) [SVCHK] - Some checking for conflicts with always_comb and always_latch variables not yet supported. Run vopt to provide additional design-level checks.
** Warning: ../../src/hdlTop/interrconnect.sv(381): (vlog-2583) [SVCHK] - Some checking for conflicts with always_comb and always_latch variables not yet supported. Run vopt to provide additional design-level checks.
** Warning: ../../src/hdlTop/interrconnect.sv(382): (vlog-2583) [SVCHK] - Some checking for conflicts with always_comb and always_latch variables not yet supported. Run vopt to provide additional design-level checks.
** Warning: ../../src/hdlTop/interrconnect.sv(383): (vlog-2583) [SVCHK] - Some checking for conflicts with always_comb and always_latch variables not yet supported. Run vopt to provide additional design-level checks.
** Warning: ../../src/hdlTop/interrconnect.sv(384): (vlog-2583) [SVCHK] - Some checking for conflicts with always_comb and always_latch variables not yet supported. Run vopt to provide additional design-level checks.
** Warning: ../../src/hdlTop/interrconnect.sv(385): (vlog-2583) [SVCHK] - Some checking for conflicts with always_comb and always_latch variables not yet supported. Run vopt to provide additional design-level checks.
-- Compiling module apb_reg
-- Compiling module apb_slave
-- Compiling module cmd_fsm
-- Compiling module data_fsm
-- Compiling module dma_channel
-- Compiling module internal_reg
-- Compiling module mux
-- Compiling module mux_logic
-- Compiling module partselect
-- Compiling module register_bank
-- Compiling module top_mod
-- Compiling module trigger_matrix
-- Compiling module biu
-- Compiling module global_channel

Top level modules:
	HvlTop
	hdlTop
End time: 00:06:22 on Jul 04,2026, Elapsed time: 0:00:05
Errors: 0, Warnings: 330
